
> weav@1.0.0 build
> next build

  ▲ Next.js 14.2.33
  - Environments: .env.local

   Creating an optimized production build ...
[baseline-browser-mapping] The data in this module is over two months old.  To ensure accurate Baseline data, please update: `npm i baseline-browser-mapping@latest -D`
 ✓ Compiled successfully
   Linting and checking validity of types ...

Failed to compile.

./app/profile/page.tsx
422:21  Warning: Using `<img>` could result in slower LCP and higher bandwidth. Consider using `<Image />` from `next/image` to automatically optimize images. This may incur additional usage or cost from your provider. See: https://nextjs.org/docs/messages/no-img-element  @next/next/no-img-element

./app/thread/[id]/page.tsx
116:19  Warning: Using `<img>` could result in slower LCP and higher bandwidth. Consider using `<Image />` from `next/image` to automatically optimize images. This may incur additional usage or cost from your provider. See: https://nextjs.org/docs/messages/no-img-element  @next/next/no-img-element

./components/ChatHeader.tsx
85:11  Warning: Using `<img>` could result in slower LCP and higher bandwidth. Consider using `<Image />` from `next/image` to automatically optimize images. This may incur additional usage or cost from your provider. See: https://nextjs.org/docs/messages/no-img-element  @next/next/no-img-element
227:107  Error: `"` can be escaped with `&quot;`, `&ldquo;`, `&#34;`, `&rdquo;`.  react/no-unescaped-entities
227:122  Error: `"` can be escaped with `&quot;`, `&ldquo;`, `&#34;`, `&rdquo;`.  react/no-unescaped-entities

./components/CreateThreadModal.tsx
241:29  Warning: Using `<img>` could result in slower LCP and higher bandwidth. Consider using `<Image />` from `next/image` to automatically optimize images. This may incur additional usage or cost from your provider. See: https://nextjs.org/docs/messages/no-img-element  @next/next/no-img-element

./components/MessageBubble.tsx
193:17  Warning: Using `<img>` could result in slower LCP and higher bandwidth. Consider using `<Image />` from `next/image` to automatically optimize images. This may incur additional usage or cost from your provider. See: https://nextjs.org/docs/messages/no-img-element  @next/next/no-img-element

./components/MessageComposer.tsx
149:17  Warning: Using `<img>` could result in slower LCP and higher bandwidth. Consider using `<Image />` from `next/image` to automatically optimize images. This may incur additional usage or cost from your provider. See: https://nextjs.org/docs/messages/no-img-element  @next/next/no-img-element

./components/MessageList.tsx
58:6  Warning: React Hook useEffect has a missing dependency: 'messagesEndRef'. Either include it or remove the dependency array.  react-hooks/exhaustive-deps

./components/RingNode.tsx
199:15  Warning: Using `<img>` could result in slower LCP and higher bandwidth. Consider using `<Image />` from `next/image` to automatically optimize images. This may incur additional usage or cost from your provider. See: https://nextjs.org/docs/messages/no-img-element  @next/next/no-img-element

./components/RingScene.tsx
151:6  Warning: React Hook useEffect has missing dependencies: 'handlePointerDown', 'handlePointerMove', 'handlePointerUp', and 'handleWheel'. Either include them or remove the dependency array.  react-hooks/exhaustive-deps

./components/SphereScene.tsx
109:9  Warning: The 'handlePointerDown' function makes the dependencies of useEffect Hook (at line 457) change on every render. To fix this, wrap the definition of 'handlePointerDown' in its own useCallback() Hook.  react-hooks/exhaustive-deps
127:9  Warning: The 'handlePointerMove' function makes the dependencies of useEffect Hook (at line 457) change on every render. To fix this, wrap the definition of 'handlePointerMove' in its own useCallback() Hook.  react-hooks/exhaustive-deps
192:9  Warning: The 'handlePointerUp' function makes the dependencies of useEffect Hook (at line 457) change on every render. To fix this, wrap the definition of 'handlePointerUp' in its own useCallback() Hook.  react-hooks/exhaustive-deps
229:9  Warning: The 'handlePointerLeave' function makes the dependencies of useEffect Hook (at line 457) change on every render. To fix this, wrap the definition of 'handlePointerLeave' in its own useCallback() Hook.  react-hooks/exhaustive-deps
239:9  Warning: The 'handleWheel' function makes the dependencies of useEffect Hook (at line 457) change on every render. To fix this, wrap the definition of 'handleWheel' in its own useCallback() Hook.  react-hooks/exhaustive-deps
296:9  Warning: The 'handleTouchStart' function makes the dependencies of useEffect Hook (at line 457) change on every render. To fix this, wrap the definition of 'handleTouchStart' in its own useCallback() Hook.  react-hooks/exhaustive-deps
317:9  Warning: The 'handleTouchMove' function makes the dependencies of useEffect Hook (at line 457) change on every render. To fix this, wrap the definition of 'handleTouchMove' in its own useCallback() Hook.  react-hooks/exhaustive-deps
358:9  Warning: The 'handleTouchEnd' function makes the dependencies of useEffect Hook (at line 457) change on every render. To fix this, wrap the definition of 'handleTouchEnd' in its own useCallback() Hook.  react-hooks/exhaustive-deps

./components/ThemeProvider.tsx
18:6  Warning: React Hook useEffect has a missing dependency: 'theme'. Either include it or remove the dependency array.  react-hooks/exhaustive-deps

./components/ThreadCard.tsx
48:15  Warning: Using `<img>` could result in slower LCP and higher bandwidth. Consider using `<Image />` from `next/image` to automatically optimize images. This may incur additional usage or cost from your provider. See: https://nextjs.org/docs/messages/no-img-element  @next/next/no-img-element

./components/ThreadDetailPanel.tsx
320:23  Warning: Using `<img>` could result in slower LCP and higher bandwidth. Consider using `<Image />` from `next/image` to automatically optimize images. This may incur additional usage or cost from your provider. See: https://nextjs.org/docs/messages/no-img-element  @next/next/no-img-element

./components/WeavRing2D.tsx
88:21  Warning: Using `<img>` could result in slower LCP and higher bandwidth. Consider using `<Image />` from `next/image` to automatically optimize images. This may incur additional usage or cost from your provider. See: https://nextjs.org/docs/messages/no-img-element  @next/next/no-img-element

info  - Need to disable some ESLint rules? Learn more here: https://nextjs.org/docs/basic-features/eslint#disabling-rules
